Microchip MPLAB XC8 Compiler V2.36

Linker command line:

-W-3 --edf=/Applications/microchip/xc8/v2.36/pic/dat/en_msgs.txt -cn \
  -h+dist/XC8_18F57Q43/production/tourelle_de_viseev1.X.production.sym \
  --cmf=dist/XC8_18F57Q43/production/tourelle_de_viseev1.X.production.cmf \
  -z -Q18F57Q43 -o/tmp/xcNC7d96z --defsym=__MPLAB_BUILD=1 \
  -Mdist/XC8_18F57Q43/production/tourelle_de_viseev1.X.production.map \
  --md=/tmp/xcnZiFyYY.dat -E1 -ver=XC8 Compiler --acfsm=1493 \
  -ACODE=00h-01FFFFh -ACONST=00h-01FFFFh -ASMALLCONST=02500h-025FFhx475 \
  -AMEDIUMCONST=02500h-0FFFFh,012500h-01FFFFh -ACOMRAM=0501h-055Fh \
  -AABS1=0500h-024FFh -ABIGRAM=0501h-024FFh \
  -ARAM=0560h-05FFh,0600h-06FFhx31 -ABANK5=0560h-05FFh -ABANK6=0600h-06FFh \
  -ABANK7=0700h-07FFh -ABANK8=0800h-08FFh -ABANK9=0900h-09FFh \
  -ABANK10=0A00h-0AFFh -ABANK11=0B00h-0BFFh -ABANK12=0C00h-0CFFh \
  -ABANK13=0D00h-0DFFh -ABANK14=0E00h-0EFFh -ABANK15=0F00h-0FFFh \
  -ABANK16=01000h-010FFh -ABANK17=01100h-011FFh -ABANK18=01200h-012FFh \
  -ABANK19=01300h-013FFh -ABANK20=01400h-014FFh -ABANK21=01500h-015FFh \
  -ABANK22=01600h-016FFh -ABANK23=01700h-017FFh -ABANK24=01800h-018FFh \
  -ABANK25=01900h-019FFh -ABANK26=01A00h-01AFFh -ABANK27=01B00h-01BFFh \
  -ABANK28=01C00h-01CFFh -ABANK29=01D00h-01DFFh -ABANK30=01E00h-01EFFh \
  -ABANK31=01F00h-01FFFh -ABANK32=02000h-020FFh -ABANK33=02100h-021FFh \
  -ABANK34=02200h-022FFh -ABANK35=02300h-023FFh -ABANK36=02400h-024FFh \
  -ASFR=00h-0FFhx4,0400h-045Fh,0460h-04FFh,02500h-025FFh \
  -ABIGSFR=00h-04FFh,02500h-025FFh -ACONFIG=0300000h-0300011h \
  -AIDLOC=0200000h-020003Fh -AEEDATA=0380000h-03803FFh -peeprom_data=EEDATA \
  -preset_vec=00h -ppowerup=CODE,init -pramtop=02500h \
  -psmallconst=SMALLCONST -pmediumconst=MEDIUMCONST -pconst=CONST \
  -AFARRAM=00h-00h \
  -prdata=COMRAM,nvrram=COMRAM,nvbit=COMRAM,rbss=COMRAM,rbit=COMRAM \
  -pfarbss=FARRAM,fardata=FARRAM,nvFARRAM=FARRAM \
  -pintsave_regs=BIGRAM,bigbss=BIGRAM,bigdata=BIGRAM -pbss=RAM \
  -pidata=CODE,irdata=CODE,ibigdata=CODE,ifardata=CODE -prparam=COMRAM \
  /tmp/xcGnIfHtw.o \
  dist/XC8_18F57Q43/production/tourelle_de_viseev1.X.production.o 

Object code version is 3.11

Machine type is 18F57Q43



                Name                               Link     Load   Length Selector   Space Scale
/tmp/xcGnIfHtw.o
                idloc                            200000   200000       40        0       5
                config                           300000   300000        A        0       4
                init                              1FFFC    1FFFC        4     FFFE       0
                reset_vec                             0        0        4        0       0
dist/XC8_18F57Q43/production/tourelle_de_viseev1.X.production.o
                idloc                            200000   200000       40        0       5
                config                           300000   300000        A        0       4
                smallconst                         2500     2500       2A     1280       0
                text16                             265A     265A       24     1295       0
                text15                             2696     2696       16     1295       0
                text14                             2720     2720        E     1295       0
                text13                             2712     2712        E     1295       0
                text12                             2704     2704        E     1295       0
                text11                             26F6     26F6        E     1295       0
                text10                             26E8     26E8        E     1295       0
                text9                              26DA     26DA        E     1295       0
                text8                              26CC     26CC        E     1295       0
                text7                              25C4     25C4       96     1295       0
                text6                              26BE     26BE        E     1295       0
                text5                              273C     273C        2     1295       0
                text4                              273A     273A        2     1295       0
                text3                              2738     2738        2     1295       0
                text2                              252A     252A       9A     1295       0
                text1                              272E     272E        A     1295       0
                text0                              267E     267E       18     1295       0
                cstackCOMRAM                        53E      53E        4      501       1
                bssCOMRAM                           501      501       28      501       1
                cinit                              26AC     26AC       12     1295       0
                nvCOMRAM                            529      529       15      501       1

TOTAL           Name                               Link     Load   Length     Space
        CLASS   CODE           
                init                              1FFFC    1FFFC        4         0
                reset_vec                             0        0        4         0
                text16                             265A     265A       24         0
                text15                             2696     2696       16         0
                text14                             2720     2720        E         0
                text13                             2712     2712        E         0
                text12                             2704     2704        E         0
                text11                             26F6     26F6        E         0
                text10                             26E8     26E8        E         0
                text9                              26DA     26DA        E         0
                text8                              26CC     26CC        E         0
                text7                              25C4     25C4       96         0
                text6                              26BE     26BE        E         0
                text5                              273C     273C        2         0
                text4                              273A     273A        2         0
                text3                              2738     2738        2         0
                text2                              252A     252A       9A         0
                text1                              272E     272E        A         0
                text0                              267E     267E       18         0
                cinit                              26AC     26AC       12         0

        CLASS   CONST          

        CLASS   SMALLCONST     
                smallconst                         2500     2500       2A         0

        CLASS   MEDIUMCONST    

        CLASS   COMRAM         
                cstackCOMRAM                        53E      53E        4         1
                bssCOMRAM                           501      501       28         1
                nvCOMRAM                            529      529       15         1

        CLASS   ABS1           

        CLASS   BIGRAM         

        CLASS   RAM            

        CLASS   BANK5          

        CLASS   BANK6          

        CLASS   BANK7          

        CLASS   BANK8          

        CLASS   BANK9          

        CLASS   BANK10         

        CLASS   BANK11         

        CLASS   BANK12         

        CLASS   BANK13         

        CLASS   BANK14         

        CLASS   BANK15         

        CLASS   BANK16         

        CLASS   BANK17         

        CLASS   BANK18         

        CLASS   BANK19         

        CLASS   BANK20         

        CLASS   BANK21         

        CLASS   BANK22         

        CLASS   BANK23         

        CLASS   BANK24         

        CLASS   BANK25         

        CLASS   BANK26         

        CLASS   BANK27         

        CLASS   BANK28         

        CLASS   BANK29         

        CLASS   BANK30         

        CLASS   BANK31         

        CLASS   BANK32         

        CLASS   BANK33         

        CLASS   BANK34         

        CLASS   BANK35         

        CLASS   BANK36         

        CLASS   SFR            

        CLASS   BIGSFR         

        CLASS   CONFIG         
                config                           300000   300000        A         4

        CLASS   IDLOC          
                idloc                            200000   200000       40         5

        CLASS   EEDATA         

        CLASS   FARRAM         

        CLASS   HEAP           

        CLASS   STACK          



SEGMENTS        Name                           Load    Length   Top    Selector   Space  Class

                reset_vec                      000000  000004  000004         0       0  CODE    
                text2                          00252A  000214  00273E      1295       0  CODE    
                init                           01FFFC  000004  020000      FFFE       0  CODE    
                bssCOMRAM                      000501  000041  000542       501       1  COMRAM  
                smallconst                     002500  00002A  00252A      1280       0  SMALLCON


UNUSED ADDRESS RANGES

        Name                Unused          Largest block    Delta
        BANK10           000A00-000AFF              100
        BANK11           000B00-000BFF              100
        BANK12           000C00-000CFF              100
        BANK13           000D00-000DFF              100
        BANK14           000E00-000EFF              100
        BANK15           000F00-000FFF              100
        BANK16           001000-0010FF              100
        BANK17           001100-0011FF              100
        BANK18           001200-0012FF              100
        BANK19           001300-0013FF              100
        BANK20           001400-0014FF              100
        BANK21           001500-0015FF              100
        BANK22           001600-0016FF              100
        BANK23           001700-0017FF              100
        BANK24           001800-0018FF              100
        BANK25           001900-0019FF              100
        BANK26           001A00-001AFF              100
        BANK27           001B00-001BFF              100
        BANK28           001C00-001CFF              100
        BANK29           001D00-001DFF              100
        BANK30           001E00-001EFF              100
        BANK31           001F00-001FFF              100
        BANK32           002000-0020FF              100
        BANK33           002100-0021FF              100
        BANK34           002200-0022FF              100
        BANK35           002300-0023FF              100
        BANK36           002400-0024FF              100
        BANK5            000560-0005FF               A0
        BANK6            000600-0006FF              100
        BANK7            000700-0007FF              100
        BANK8            000800-0008FF              100
        BANK9            000900-0009FF              100
        BIGRAM           000542-0024FF             1FBE
        BIGSFR           000000-0004FF              500
                         002500-0025FF              100
        CODE             000004-0024FF             24FC
                         00273E-01FFFB            1D8BE
        COMRAM           000542-00055F               1E
        CONFIG           30000A-300011                8
        CONST            000004-0024FF             24FC
                         00273E-01FFFB            1D8BE
        EEDATA           380000-3803FF              400
        MEDIUMCONST      00273E-00FFFF             D8C2
                         012500-01FFFB             DAFC
        RAM              000560-0024FF              100
        SFR              000000-0004FF              100
                         002500-0025FF              100
        SMALLCONST       00273E-01FFFB              100

                                  Symbol Table

UART1_SetErrorHandler@interruptHandler                 cstackCOMRAM 00053E
UART1_SetFramingErrorHandler@interruptHandler          cstackCOMRAM 00053E
UART1_SetFramingErrorInterruptHandler@InterruptHandler cstackCOMRAM 00053E
UART1_SetOverrunErrorHandler@interruptHandler          cstackCOMRAM 00053E
UART1_SetRxInterruptHandler@InterruptHandler           cstackCOMRAM 00053E
UART1_SetTxInterruptHandler@InterruptHandler           cstackCOMRAM 00053E
UART1_SetUartInterruptHandler@InterruptHandler         cstackCOMRAM 00053E
UART1_Write@txData                                     cstackCOMRAM 00053E
_ACTCON                                                (abs)        0000AC
_ANSELCbits                                            (abs)        000410
_ANSELFbits                                            (abs)        000428
_CLOCK_Initialize                                      text16       00265A
_INT0_DefaultInterruptHandler                          (abs)        000000
_INT0_InterruptHandler                                 bssCOMRAM    00051F
_INT1_DefaultInterruptHandler                          (abs)        000000
_INT1_InterruptHandler                                 bssCOMRAM    00051C
_INT2_DefaultInterruptHandler                          (abs)        000000
_INT2_InterruptHandler                                 bssCOMRAM    000519
_INTCON0bits                                           (abs)        0004D6
_OSCCON1                                               (abs)        0000AD
_OSCCON2                                               (abs)        0000AE
_OSCCON3                                               (abs)        0000AF
_OSCEN                                                 (abs)        0000B3
_OSCFRQ                                                (abs)        0000B1
_OSCSTAT                                               (abs)        0000B2
_OSCTUNE                                               (abs)        0000B0
_PIE4bits                                              (abs)        0004A2
_PIN_MANAGER_Initialize                                text15       002696
_PIR10bits                                             (abs)        0004B8
_PIR1bits                                              (abs)        0004AF
_PIR4bits                                              (abs)        0004B2
_PIR6bits                                              (abs)        0004B4
_RF0PPS                                                (abs)        000229
_SYSTEM_Initialize                                     text6        0026BE
_TRISCbits                                             (abs)        0004C8
_TRISFbits                                             (abs)        0004CB
_U1BRG                                                 (abs)        0002AE
_U1CON0bits                                            (abs)        0002AB
_U1CON1bits                                            (abs)        0002AC
_U1ERRIR                                               (abs)        0002B2
_U1ERRIRbits                                           (abs)        0002B2
_U1RXB                                                 (abs)        0002A1
_U1RXPPS                                               (abs)        000272
_U1TXB                                                 (abs)        0002A3
_U1UIRbits                                             (abs)        0002B1
_UART1_DefaultErrorHandler                             text5        00273C
_UART1_DefaultFramingErrorHandler                      text4        00273A
_UART1_DefaultOverrunErrorHandler                      text3        002738
_UART1_ErrorHandler                                    nvCOMRAM     000529
_UART1_FramingErrorHandler                             nvCOMRAM     00052F
_UART1_FramingErrorInterruptHandler                    nvCOMRAM     000535
_UART1_FramingError_ISR                                (abs)        000000
_UART1_Initialize                                      text7        0025C4
_UART1_Interface                                       smallconst   002501
_UART1_IsRxReady                                       (abs)        000000
_UART1_IsTxDone                                        (abs)        000000
_UART1_IsTxReady                                       (abs)        000000
_UART1_OverrunErrorHandler                             nvCOMRAM     00052C
_UART1_Read                                            text2        00252A
_UART1_Receive_ISR                                     (abs)        000000
_UART1_RxInterruptHandler                              nvCOMRAM     00053B
_UART1_SetErrorHandler                                 text14       002720
_UART1_SetFramingErrorHandler                          text13       002712
_UART1_SetFramingErrorInterruptHandler                 text12       002704
_UART1_SetOverrunErrorHandler                          text11       0026F6
_UART1_SetRxInterruptHandler                           text10       0026E8
_UART1_SetTxInterruptHandler                           text9        0026DA
_UART1_SetUartInterruptHandler                         text8        0026CC
_UART1_Transmit_ISR                                    (abs)        000000
_UART1_TxInterruptHandler                              nvCOMRAM     000538
_UART1_UARTInterruptHandler                            nvCOMRAM     000532
_UART1_UartInterrupt_ISR                               (abs)        000000
_UART1_Write                                           text1        00272E
__HRAM                                                 (abs)        000000
__Habs1                                                abs1         000000
__Hbank10                                              bank10       000000
__Hbank11                                              bank11       000000
__Hbank12                                              bank12       000000
__Hbank13                                              bank13       000000
__Hbank14                                              bank14       000000
__Hbank15                                              bank15       000000
__Hbank16                                              bank16       000000
__Hbank17                                              bank17       000000
__Hbank18                                              bank18       000000
__Hbank19                                              bank19       000000
__Hbank20                                              bank20       000000
__Hbank21                                              bank21       000000
__Hbank22                                              bank22       000000
__Hbank23                                              bank23       000000
__Hbank24                                              bank24       000000
__Hbank25                                              bank25       000000
__Hbank26                                              bank26       000000
__Hbank27                                              bank27       000000
__Hbank28                                              bank28       000000
__Hbank29                                              bank29       000000
__Hbank30                                              bank30       000000
__Hbank31                                              bank31       000000
__Hbank32                                              bank32       000000
__Hbank33                                              bank33       000000
__Hbank34                                              bank34       000000
__Hbank35                                              bank35       000000
__Hbank36                                              bank36       000000
__Hbank5                                               bank5        000000
__Hbank6                                               bank6        000000
__Hbank7                                               bank7        000000
__Hbank8                                               bank8        000000
__Hbank9                                               bank9        000000
__Hbigbss                                              bigbss       000000
__Hbigdata                                             bigdata      000000
__Hbigram                                              bigram       000000
__Hbigsfr                                              bigsfr       000000
__Hbss                                                 bss          000000
__HbssCOMRAM                                           bssCOMRAM    000000
__Hcinit                                               cinit        000000
__Hclrtext                                             clrtext      000000
__Hcomram                                              comram       000000
__Hconfig                                              config       30000A
__Hconst                                               const        000000
__HcstackCOMRAM                                        cstackCOMRAM 000000
__Hdata                                                data         000000
__Heeprom_data                                         eeprom_data  000000
__Hfarbss                                              farbss       000000
__Hfardata                                             fardata      000000
__Hheap                                                heap         000000
__Hibigdata                                            ibigdata     000000
__Hidata                                               idata        000000
__Hidloc                                               idloc        200040
__Hifardata                                            ifardata     000000
__Hinit                                                init         020000
__Hintsave_regs                                        intsave_regs 000000
__Hirdata                                              irdata       000000
__Hmediumconst                                         mediumconst  000000
__HnvCOMRAM                                            nvCOMRAM     000000
__HnvFARRAM                                            nvFARRAM     000000
__Hnvbit                                               nvbit        000000
__Hnvrram                                              nvrram       000000
__Hparam                                               rparam       000000
__Hpowerup                                             powerup      000000
__Hram                                                 ram          000000
__Hramtop                                              ramtop       002500
__Hrbit                                                rbit         000000
__Hrbss                                                rbss         000000
__Hrdata                                               rdata        000000
__Hreset_vec                                           reset_vec    000004
__Hrparam                                              rparam       000000
__Hsfr                                                 sfr          000000
__Hsmallconst                                          smallconst   00252A
__Hspace_0                                             (abs)        020000
__Hspace_1                                             (abs)        000542
__Hspace_2                                             (abs)        000000
__Hspace_4                                             (abs)        60000A
__Hstack                                               stack        000000
__Hstruct                                              struct       000000
__Htemp                                                temp         000000
__Htext                                                text         000000
__Htext0                                               text0        000000
__Htext1                                               text1        000000
__Htext10                                              text10       000000
__Htext11                                              text11       000000
__Htext12                                              text12       000000
__Htext13                                              text13       000000
__Htext14                                              text14       000000
__Htext15                                              text15       000000
__Htext16                                              text16       000000
__Htext17                                              text17       000000
__Htext2                                               text2        000000
__Htext3                                               text3        000000
__Htext4                                               text4        000000
__Htext5                                               text5        000000
__Htext6                                               text6        000000
__Htext7                                               text7        000000
__Htext8                                               text8        000000
__Htext9                                               text9        000000
__LRAM                                                 (abs)        000001
__Labs1                                                abs1         000000
__Lbank10                                              bank10       000000
__Lbank11                                              bank11       000000
__Lbank12                                              bank12       000000
__Lbank13                                              bank13       000000
__Lbank14                                              bank14       000000
__Lbank15                                              bank15       000000
__Lbank16                                              bank16       000000
__Lbank17                                              bank17       000000
__Lbank18                                              bank18       000000
__Lbank19                                              bank19       000000
__Lbank20                                              bank20       000000
__Lbank21                                              bank21       000000
__Lbank22                                              bank22       000000
__Lbank23                                              bank23       000000
__Lbank24                                              bank24       000000
__Lbank25                                              bank25       000000
__Lbank26                                              bank26       000000
__Lbank27                                              bank27       000000
__Lbank28                                              bank28       000000
__Lbank29                                              bank29       000000
__Lbank30                                              bank30       000000
__Lbank31                                              bank31       000000
__Lbank32                                              bank32       000000
__Lbank33                                              bank33       000000
__Lbank34                                              bank34       000000
__Lbank35                                              bank35       000000
__Lbank36                                              bank36       000000
__Lbank5                                               bank5        000000
__Lbank6                                               bank6        000000
__Lbank7                                               bank7        000000
__Lbank8                                               bank8        000000
__Lbank9                                               bank9        000000
__Lbigbss                                              bigbss       000000
__Lbigdata                                             bigdata      000000
__Lbigram                                              bigram       000000
__Lbigsfr                                              bigsfr       000000
__Lbss                                                 bss          000000
__LbssCOMRAM                                           bssCOMRAM    000000
__Lcinit                                               cinit        000000
__Lclrtext                                             clrtext      000000
__Lcomram                                              comram       000000
__Lconfig                                              config       000000
__Lconst                                               const        000000
__LcstackCOMRAM                                        cstackCOMRAM 000000
__Ldata                                                data         000000
__Leeprom_data                                         eeprom_data  000000
__Lfarbss                                              farbss       000000
__Lfardata                                             fardata      000000
__Lheap                                                heap         000000
__Libigdata                                            ibigdata     000000
__Lidata                                               idata        000000
__Lidloc                                               idloc        000000
__Lifardata                                            ifardata     000000
__Linit                                                init         01FFFC
__Lintsave_regs                                        intsave_regs 000000
__Lirdata                                              irdata       000000
__Lmediumconst                                         mediumconst  000000
__LnvCOMRAM                                            nvCOMRAM     000000
__LnvFARRAM                                            nvFARRAM     000000
__Lnvbit                                               nvbit        000000
__Lnvrram                                              nvrram       000000
__Lparam                                               rparam       000000
__Lpowerup                                             powerup      000000
__Lram                                                 ram          000000
__Lramtop                                              ramtop       002500
__Lrbit                                                rbit         000000
__Lrbss                                                rbss         000000
__Lrdata                                               rdata        000000
__Lreset_vec                                           reset_vec    000000
__Lrparam                                              rparam       000000
__Lsfr                                                 sfr          000000
__Lsmallconst                                          smallconst   002500
__Lspace_0                                             (abs)        000000
__Lspace_1                                             (abs)        000000
__Lspace_2                                             (abs)        000000
__Lspace_4                                             (abs)        000000
__Lstack                                               stack        000000
__Lstruct                                              struct       000000
__Ltemp                                                temp         000000
__Ltext                                                text         000000
__Ltext0                                               text0        000000
__Ltext1                                               text1        000000
__Ltext10                                              text10       000000
__Ltext11                                              text11       000000
__Ltext12                                              text12       000000
__Ltext13                                              text13       000000
__Ltext14                                              text14       000000
__Ltext15                                              text15       000000
__Ltext16                                              text16       000000
__Ltext17                                              text17       000000
__Ltext2                                               text2        000000
__Ltext3                                               text3        000000
__Ltext4                                               text4        000000
__Ltext5                                               text5        000000
__Ltext6                                               text6        000000
__Ltext7                                               text7        000000
__Ltext8                                               text8        000000
__Ltext9                                               text9        000000
__S0                                                   (abs)        020000
__S1                                                   (abs)        000542
__S4                                                   (abs)        000000
__S5                                                   (abs)        000000
___heap_hi                                             (abs)        000000
___heap_lo                                             (abs)        000000
___inthi_sp                                            stack        000000
___intlo_sp                                            stack        000000
___param_bank                                          (abs)        000000
___rparam_used                                         (abs)        000001
___sp                                                  stack        000000
__accesstop                                            (abs)        000560
__activetblptr                                         (abs)        000003
__end_of_CLOCK_Initialize                              text16       00267E
__end_of_PIN_MANAGER_Initialize                        text15       0026AC
__end_of_SYSTEM_Initialize                             text6        0026CC
__end_of_UART1_DefaultErrorHandler                     text5        00273E
__end_of_UART1_DefaultFramingErrorHandler              text4        00273C
__end_of_UART1_DefaultOverrunErrorHandler              text3        00273A
__end_of_UART1_Initialize                              text7        00265A
__end_of_UART1_Interface                               smallconst   002528
__end_of_UART1_Read                                    text2        0025C4
__end_of_UART1_SetErrorHandler                         text14       00272E
__end_of_UART1_SetFramingErrorHandler                  text13       002720
__end_of_UART1_SetFramingErrorInterruptHandler         text12       002712
__end_of_UART1_SetOverrunErrorHandler                  text11       002704
__end_of_UART1_SetRxInterruptHandler                   text10       0026F6
__end_of_UART1_SetTxInterruptHandler                   text9        0026E8
__end_of_UART1_SetUartInterruptHandler                 text8        0026DA
__end_of_UART1_Write                                   text1        002738
__end_of__initialization                               cinit        0026B8
__end_of_main                                          text0        002696
__initialization                                       cinit        0026AC
__mediumconst                                          mediumconst  000000
__pbssCOMRAM                                           bssCOMRAM    000501
__pcinit                                               cinit        0026AC
__pcstackCOMRAM                                        cstackCOMRAM 00053E
__pnvCOMRAM                                            nvCOMRAM     000529
__psmallconst                                          smallconst   002500
__ptext0                                               text0        00267E
__ptext1                                               text1        00272E
__ptext10                                              text10       0026E8
__ptext11                                              text11       0026F6
__ptext12                                              text12       002704
__ptext13                                              text13       002712
__ptext14                                              text14       002720
__ptext15                                              text15       002696
__ptext16                                              text16       00265A
__ptext17                                              text17       000000
__ptext2                                               text2        00252A
__ptext3                                               text3        002738
__ptext4                                               text4        00273A
__ptext5                                               text5        00273C
__ptext6                                               text6        0026BE
__ptext7                                               text7        0025C4
__ptext8                                               text8        0026CC
__ptext9                                               text9        0026DA
__ramtop                                               ramtop       002500
__smallconst                                           smallconst   002500
_main                                                  text0        00267E
_uart1RxBuffer                                         bssCOMRAM    000509
_uart1RxCount                                          bssCOMRAM    000523
_uart1RxHead                                           bssCOMRAM    000525
_uart1RxLastError                                      bssCOMRAM    000522
_uart1RxStatusBuffer                                   bssCOMRAM    000501
_uart1RxTail                                           bssCOMRAM    000524
_uart1TxBuffer                                         bssCOMRAM    000511
_uart1TxBufferRemaining                                bssCOMRAM    000526
_uart1TxHead                                           bssCOMRAM    000528
_uart1TxTail                                           bssCOMRAM    000527
end_of_initialization                                  cinit        0026B8
intlevel0                                              text         000000
intlevel1                                              text         000000
intlevel2                                              text         000000
intlevel3                                              text         000000
isa$std                                                (abs)        000001
isa$xinst                                              (abs)        000000
main@data                                              cstackCOMRAM 000541
stackhi                                                (abs)        000000
stacklo                                                (abs)        000000
start                                                  init         01FFFC
start_initialization                                   cinit        0026AC


MODULE INFORMATION

Module		Function		Class		Link	Load	Size
clock.c
		_CLOCK_Initialize		CODE           	265A	0000	36

clock.c estimated size: 36

pins.c
		_PIN_MANAGER_Initialize		CODE           	2696	0000	22

pins.c estimated size: 22

shared
		__initialization		CODE           	26AC	0000	12
		_UART1_Interface		SMALLCONST     	2501	0000	39

shared estimated size: 51

uart1.c
		_UART1_Write   		CODE           	272E	0000	10
		_UART1_SetFramingErrorHandler		CODE           	2712	0000	14
		_UART1_SetOverrunErrorHandler		CODE           	26F6	0000	14
		_UART1_SetRxInterruptHandler		CODE           	26E8	0000	14
		_UART1_SetTxInterruptHandler		CODE           	26DA	0000	14
		_UART1_Initialize		CODE           	25C4	0000	150
		_UART1_SetErrorHandler		CODE           	2720	0000	14
		_UART1_Read    		CODE           	252A	0000	154
		_UART1_DefaultFramingErrorHandler		CODE           	273A	0000	2
		_UART1_SetFramingErrorInterruptHandler		CODE           	2704	0000	14
		_UART1_SetUartInterruptHandler		CODE           	26CC	0000	14
		_UART1_DefaultErrorHandler		CODE           	273C	0000	2
		_UART1_DefaultOverrunErrorHandler		CODE           	2738	0000	2

uart1.c estimated size: 418

main.c
		_main          		CODE           	267E	0000	24

main.c estimated size: 24

system.c
		_SYSTEM_Initialize		CODE           	26BE	0000	14

system.c estimated size: 14

